{"id":1016093969446076416,"uuid":"391cf484-f9a9-4491-b379-d18cec00fa55","type":"D332948D-A7A9-4E07-B76C-253DCF6E17FB","tenant":{"Name":"C3R2PB","id":"1272636"},"policy":{"id":"67DC1F51-DEF3-4654-BA09-454DABFEAC69","type":"backup","name":"Liquid Web Default (Daily: 6PM)"},"context":{"MachineName":"cloudvmfileserver.support.lwtraining.net","ProtectionPlanID":"01FCB317-131F-0B3C-228D-F781E469348A"},"updatedAt":"2020-11-15T18:30:04.632749809Z","state":"completed","startedByUser":"","cancelRequested":false,"kind":0,"result":{"code":"ok","error":{"reason":"","context":{"cause_str":"","effect_str":""}}}}
